2025-12-01T04:44:54.066Z [INFO]: Request received: POST /register
2025-12-01T04:44:57.236Z [INFO]: User registered successfully: sanu@gmail.com
2025-12-02T01:45:31.162Z [INFO]: Request received: POST /register
2025-12-02T01:45:34.941Z [INFO]: User registered successfully: sam@gmail.com
2025-12-03T17:35:55.558Z [INFO]: Request received: POST /register
2025-12-03T17:36:47.965Z [INFO]: User registered successfully: sona@gmail
2025-12-03T17:50:07.976Z [INFO]: Request received: POST /register
2025-12-03T17:51:42.212Z [INFO]: Request received: POST /register
2025-12-03T17:51:47.260Z [INFO]: User registered successfully: hyygmail
2025-12-23T12:04:44.212Z [INFO]: Request received: POST /register
2025-12-23T12:04:48.575Z [INFO]: User registered successfully: mansi@g.commail
2025-12-25T10:59:33.112Z [INFO]: Request received: POST /register
2025-12-25T10:59:37.993Z [INFO]: User registered successfully: sonam@gmail.com
2025-12-26T17:35:21.555Z [INFO]: Request received: POST /register
2025-12-26T17:35:34.764Z [INFO]: Request received: POST /register
2025-12-26T17:35:47.526Z [INFO]: Request received: POST /register
2025-12-26T17:35:56.066Z [INFO]: User registered successfully: palakgmail
2026-09-18T12:01:10.325Z [INFO]: Request received: POST /register
2026-09-18T17:40:18.439Z [INFO]: Request received: POST /register
2026-09-18T17:40:21.291Z [INFO]: User registered successfully: sk@gmail.com
2026-09-18T17:44:10.566Z [INFO]: Request received: POST /register
2026-09-18T17:44:24.175Z [INFO]: Request received: POST /register
2026-09-18T17:44:28.072Z [INFO]: User registered successfully: ks@gmail.com
